  56409633 ep 111440778 margin -1,705 gate=True first_deficit_day=14 final_gap=-1,621
  56409633 ep 111444149 margin +2,768 gate=True first_deficit_day=0 final_gap=+2,773
  56409633 ep 111445340 margin +868 gate=True first_deficit_day=0 final_gap=+952
  56409633 ep 111449800 margin +2,000 gate=True first_deficit_day=2 final_gap=+2,005
  56409633 ep 111450924 margin -50 gate=True first_deficit_day=2 final_gap=-50
  56409633 ep 111452042 margin +2,537 gate=True first_deficit_day=None final_gap=+2,537
  56409633 ep 111455397 margin -50 gate=True first_deficit_day=2 final_gap=-50
  56409633 ep 111456515 margin +2,358 gate=True first_deficit_day=0 final_gap=+2,442
  56409633 ep 111458745 margin +3,956 gate=True first_deficit_day=0 final_gap=+4,035
  56409633 ep 111459556 margin +301 gate=True first_deficit_day=6 final_gap=+296
  56409633 ep 111461001 margin -129 gate=True first_deficit_day=2 final_gap=-129
  56409633 ep 111463222 margin -3,760 gate=True first_deficit_day=8 final_gap=-3,671
  56409633 ep 111467709 margin +3,409 gate=True first_deficit_day=0 final_gap=+3,404
  56409633 ep 111469802 margin -1,480 gate=True first_deficit_day=2 final_gap=-1,480
  56409633 ep 111472177 margin +1,628 gate=True first_deficit_day=16 final_gap=+1,628
  56409633 ep 111473278 margin +717 gate=True first_deficit_day=12 final_gap=+722
  56409633 ep 111473342 margin -14,713 gate=True first_deficit_day=0 final_gap=-14,718
  56409633 ep 111474408 margin -1,366 gate=True first_deficit_day=2 final_gap=-1,366
  56409633 ep 111475540 margin +490 gate=True first_deficit_day=2 final_gap=+495
  56409633 ep 111477772 margin +0 gate=True first_deficit_day=None final_gap=+0
  56409633 ep 111479976 margin +551 gate=True first_deficit_day=14 final_gap=+561
  56409633 ep 111481100 margin -77 gate=True first_deficit_day=3 final_gap=-77
  56409633 ep 111482224 margin -50 gate=True first_deficit_day=2 final_gap=-50
  56409633 ep 111483329 margin +754 gate=True first_deficit_day=8 final_gap=+759
  56409633 ep 111484442 margin -112 gate=True first_deficit_day=15 final_gap=-112
  56409633 ep 111485811 margin +310 gate=True first_deficit_day=12 final_gap=+315
  56409633 ep 111487810 margin -262 gate=True first_deficit_day=12 final_gap=-257
  56409633 ep 111488314 margin +0 gate=True first_deficit_day=None final_gap=+0
  56409633 ep 111488927 margin +283 gate=True first_deficit_day=18 final_gap=+283
  56409633 ep 111490049 margin +350 gate=True first_deficit_day=17 final_gap=+370
  56409633 ep 111491151 margin +296 gate=True first_deficit_day=2 final_gap=+333
  56409633 ep 111492282 margin +791 gate=True first_deficit_day=18 final_gap=+796
  56409633 ep 111493402 margin +1,176 gate=True first_deficit_day=None final_gap=+1,176
  56409633 ep 111494520 margin +1,444 gate=True first_deficit_day=15 final_gap=+1,444
  56409633 ep 111496411 margin -50 gate=True first_deficit_day=2 final_gap=-50
  56409633 ep 111496753 margin +592 gate=True first_deficit_day=0 final_gap=+592
  56409633 ep 111497877 margin +1,140 gate=True first_deficit_day=None final_gap=+1,145
  56409633 ep 111500121 margin +427 gate=True first_deficit_day=2 final_gap=+432
  56409633 ep 111503659 margin +222 gate=True first_deficit_day=2 final_gap=+227
  56409633 ep 111507686 margin +0 gate=True first_deficit_day=None final_gap=+0
  56409633 ep 111519003 margin -1,048 gate=True first_deficit_day=0 final_gap=-1,048
  56409633 ep 111521694 margin +380 gate=True first_deficit_day=6 final_gap=+430
  56409633 ep 111524487 margin +0 gate=True first_deficit_day=None final_gap=+0
  56409633 ep 111529036 margin -81 gate=True first_deficit_day=3 final_gap=-81
  56409633 ep 111529297 margin +732 gate=True first_deficit_day=20 final_gap=+737
  56409633 ep 111530031 margin -106 gate=True first_deficit_day=3 final_gap=-106
  56409633 ep 111536893 margin -17 gate=True first_deficit_day=26 final_gap=-17
  56409633 ep 111542097 margin -21,317 gate=True first_deficit_day=0 final_gap=-21,257
  56409633 ep 111544321 margin -1,065 gate=True first_deficit_day=0 final_gap=-1,107
  56409633 ep 111551424 margin +0 gate=True first_deficit_day=None final_gap=+0
  56409633 ep 111561016 margin -130 gate=True first_deficit_day=2 final_gap=-130
  56409633 ep 111561070 margin -50 gate=True first_deficit_day=2 final_gap=-50
  56409633 ep 111566191 margin -50 gate=True first_deficit_day=2 final_gap=-50
  56409633 ep 111568154 margin +135 gate=True first_deficit_day=None final_gap=+172
  56409633 ep 111571591 margin +721 gate=True first_deficit_day=2 final_gap=+721
  56409633 ep 111574690 margin -107 gate=True first_deficit_day=3 final_gap=-107
  56409633 ep 111577766 margin +1,021 gate=True first_deficit_day=12 final_gap=+1,085
  56409633 ep 111580623 margin +887 gate=True first_deficit_day=0 final_gap=+887
  56409633 ep 111582007 margin -79 gate=True first_deficit_day=3 final_gap=-79
  56409633 ep 111585714 margin -604 gate=True first_deficit_day=2 final_gap=-567
  56409633 ep 111588047 margin -2,288 gate=True first_deficit_day=3 final_gap=-2,303
  56409633 ep 111594883 margin -79 gate=True first_deficit_day=3 final_gap=-79
  56409633 ep 111597092 margin +1,254 gate=True first_deficit_day=2 final_gap=+1,264
  56409633 ep 111601804 margin +353 gate=True first_deficit_day=18 final_gap=+358
  56409633 ep 111604273 margin -408 gate=True first_deficit_day=3 final_gap=-408
  56409633 ep 111606045 margin +0 gate=True first_deficit_day=None final_gap=+0
  56409633 ep 111606283 margin +3,700 gate=True first_deficit_day=2 final_gap=+3,705
  56409633 ep 111607682 margin -537 gate=True first_deficit_day=3 final_gap=-537
  56409633 ep 111614015 margin -206 gate=True first_deficit_day=3 final_gap=-201
  56409633 ep 111616339 margin -283 gate=True first_deficit_day=10 final_gap=-283
  56409633 ep 111622914 margin -1,507 gate=True first_deficit_day=2 final_gap=-1,507
  56409633 ep 111627737 margin -114 gate=True first_deficit_day=2 final_gap=-109
  56409633 ep 111628970 margin +821 gate=True first_deficit_day=6 final_gap=+831
  56409633 ep 111635291 margin +177 gate=True first_deficit_day=2 final_gap=+177
  56409633 ep 111636218 margin +2,508 gate=True first_deficit_day=None final_gap=+2,513
wrote data/replay-attr-composite.json
