  56422944 ep 111555240 margin +24,571 gate=True first_deficit_day=1 final_gap=+24,384
  56422944 ep 111562959 margin +2,134 gate=True first_deficit_day=0 final_gap=+2,109
  56422944 ep 111564008 margin +1,922 gate=True first_deficit_day=None final_gap=+2,006
  56422944 ep 111564062 margin -4,128 gate=True first_deficit_day=2 final_gap=-4,123
  56422944 ep 111567503 margin +929 gate=True first_deficit_day=0 final_gap=+929
  56422944 ep 111570904 margin -246 gate=True first_deficit_day=0 final_gap=-246
  56422944 ep 111572037 margin +72 gate=True first_deficit_day=2 final_gap=+88
  56422944 ep 111573160 margin +358 gate=True first_deficit_day=0 final_gap=+358
  56422944 ep 111574276 margin -1,112 gate=True first_deficit_day=14 final_gap=-1,112
  56422944 ep 111575306 margin +94 gate=True first_deficit_day=2 final_gap=+94
  56422944 ep 111575410 margin +547 gate=True first_deficit_day=0 final_gap=+631
  56422944 ep 111576527 margin +2,070 gate=True first_deficit_day=12 final_gap=+2,075
  56422944 ep 111578750 margin +1,337 gate=True first_deficit_day=12 final_gap=+1,342
  56422944 ep 111579918 margin -1 gate=True first_deficit_day=2 final_gap=-1
  56422944 ep 111581024 margin -37 gate=True first_deficit_day=15 final_gap=-37
  56422944 ep 111582133 margin -1,008 gate=True first_deficit_day=0 final_gap=-1,003
  56422944 ep 111585492 margin +1,451 gate=True first_deficit_day=None final_gap=+1,461
  56422944 ep 111586614 margin -377 gate=True first_deficit_day=0 final_gap=-377
  56422944 ep 111587732 margin +300 gate=True first_deficit_day=0 final_gap=+300
  56422944 ep 111588850 margin +1,252 gate=True first_deficit_day=None final_gap=+1,252
  56422944 ep 111589973 margin +1,634 gate=True first_deficit_day=0 final_gap=+1,629
  56422944 ep 111590881 margin +410 gate=True first_deficit_day=2 final_gap=+410
  56422944 ep 111591106 margin +5,889 gate=True first_deficit_day=0 final_gap=+5,884
  56422944 ep 111592239 margin -36 gate=True first_deficit_day=3 final_gap=-36
  56422944 ep 111593364 margin +76 gate=True first_deficit_day=2 final_gap=+76
  56422944 ep 111594485 margin +2,845 gate=True first_deficit_day=12 final_gap=+2,845
  56422944 ep 111595607 margin +1,673 gate=True first_deficit_day=12 final_gap=+1,673
  56422944 ep 111596720 margin -573 gate=True first_deficit_day=25 final_gap=-573
  56422944 ep 111597836 margin +787 gate=True first_deficit_day=0 final_gap=+787
  56422944 ep 111598952 margin +860 gate=True first_deficit_day=15 final_gap=+860
  56422944 ep 111600075 margin -693 gate=True first_deficit_day=0 final_gap=-629
  56422944 ep 111601191 margin -126 gate=True first_deficit_day=28 final_gap=-121
  56422944 ep 111602321 margin +1,838 gate=True first_deficit_day=12 final_gap=+1,833
  56422944 ep 111603438 margin -668 gate=True first_deficit_day=2 final_gap=-668
  56422944 ep 111604533 margin +3,936 gate=True first_deficit_day=2 final_gap=+3,936
  56422944 ep 111605680 margin +1,638 gate=True first_deficit_day=16 final_gap=+1,643
  56422944 ep 111606806 margin +392 gate=True first_deficit_day=0 final_gap=+392
  56422944 ep 111608792 margin +49 gate=True first_deficit_day=3 final_gap=+49
  56422944 ep 111609026 margin +2,915 gate=True first_deficit_day=2 final_gap=+2,915
  56422944 ep 111609859 margin +52 gate=True first_deficit_day=3 final_gap=+52
  56422944 ep 111610164 margin +909 gate=True first_deficit_day=22 final_gap=+909
  56422944 ep 111610496 margin +511 gate=True first_deficit_day=None final_gap=+516
  56422944 ep 111611298 margin +3,055 gate=True first_deficit_day=7 final_gap=+3,040
  56422944 ep 111612437 margin -37 gate=True first_deficit_day=3 final_gap=-37
  56422944 ep 111613570 margin -32 gate=True first_deficit_day=16 final_gap=-22
  56422944 ep 111615813 margin -118 gate=True first_deficit_day=3 final_gap=-118
  56422944 ep 111616946 margin +281 gate=True first_deficit_day=14 final_gap=+286
  56422944 ep 111618064 margin +400 gate=True first_deficit_day=18 final_gap=+405
  56422944 ep 111619180 margin -33 gate=True first_deficit_day=2 final_gap=-33
  56422944 ep 111620315 margin +317 gate=True first_deficit_day=15 final_gap=+327
  56422944 ep 111621231 margin +1,237 gate=True first_deficit_day=14 final_gap=+1,242
  56422944 ep 111621426 margin +2,265 gate=True first_deficit_day=2 final_gap=+2,270
  56422944 ep 111622555 margin -505 gate=True first_deficit_day=0 final_gap=-505
  56422944 ep 111623667 margin -875 gate=True first_deficit_day=0 final_gap=-880
  56422944 ep 111624796 margin +1,430 gate=True first_deficit_day=2 final_gap=+1,410
  56422944 ep 111625915 margin +24 gate=True first_deficit_day=12 final_gap=+24
  56422944 ep 111627039 margin -826 gate=True first_deficit_day=0 final_gap=-826
  56422944 ep 111627373 margin +1,932 gate=True first_deficit_day=None final_gap=+1,942
  56422944 ep 111627374 margin +80 gate=True first_deficit_day=16 final_gap=+80
  56422944 ep 111628236 margin +994 gate=True first_deficit_day=2 final_gap=+994
  56422944 ep 111634990 margin +1,685 gate=True first_deficit_day=0 final_gap=+1,685
wrote data/replay-attr-newline.json
