##### (1) frontier (2945-farm) minus OUR CHAMPION
20 games; per-day liquid net-worth delta (cand - base), mean +- stdev
 day      delta        sd  positive       cand       base
   0         25         0   20/20          118         93
   1         -4         0    0/20          388        392
   2         -4         0    0/20          402        406
   3         26         1   20/20          713        686
   4         26         1   20/20        1,282      1,255
   5         26        60   19/20        1,476      1,450
   6         17       294   13/20        1,729      1,712
   7         22        61   15/20          935        913
   8        314       361   19/20        2,531      2,218
   9        472       623   19/20        4,019      3,546
  10        548       717   17/20       19,447     18,899
  11       -221     2,707   17/20       16,016     16,237
  12      1,742     1,184   20/20       20,135     18,392
  13        921     1,144   17/20       20,966     20,045
  14      1,477     1,262   20/20       25,066     23,590
  15        249       501   17/20       29,477     29,229
  16      1,091       982   20/20       36,164     35,073
  17      1,431     2,383   19/20       42,246     40,815
  18      1,552     1,966   19/20       47,837     46,285
  19      1,324     1,357   17/20       51,513     50,189
  20      2,680     2,996   19/20       56,605     53,924
  21      1,686     1,589   17/20       61,165     59,479
  22      2,472     2,091   20/20       65,104     62,632
  23      2,502     3,577   18/20       68,971     66,470
  24      2,699     2,952   18/20       71,742     69,042
  25      2,536     2,783   20/20       75,193     72,657
  26      4,077     2,688   20/20       78,598     74,521
  27      2,840     2,962   20/20       83,018     80,178
  28      4,991     2,873   20/20       88,473     83,482
  29      3,328     3,691   20/20       91,512     88,184

final wallet delta (cand - base): +3,328
first day the net-worth deficit is statistically real: day None
wrote data/day-gap-frontier.json

##### (2) from-scratch rebuild (planopt v0) minus OUR CHAMPION
20 games; per-day liquid net-worth delta (cand - base), mean +- stdev
 day      delta        sd  positive       cand       base
   0        164         0   20/20          379        215
   1        -27         0    0/20          493        520
   2       -182         0    0/20          557        739
   3          9         1   20/20          934        925
   4       -653         0    0/20        1,393      2,046
   5       -719        75    0/20        1,347      2,066
   6     -1,035       289    0/20        2,064      3,099
   7       -604       197    0/20          650      1,254
   8     -1,449       347    0/20        1,740      3,189
   9     -2,133       618    0/20        3,565      5,698
  10    -16,276     2,056    0/20        5,434     21,710
  11    -17,210     1,147    0/20        3,574     20,784
  12    -19,559     2,618    0/20        5,099     24,658
  13    -19,691     3,012    0/20        6,534     26,224
  14    -21,952     2,988    0/20        8,922     30,874
  15    -27,434     3,661    0/20       10,871     38,305
  16    -32,768     4,716    0/20       12,660     45,428
  17    -36,134     4,261    0/20       15,402     51,536
  18    -42,528     4,822    0/20       19,978     62,506
  19    -45,975     4,279    0/20       22,468     68,443
  20    -51,260     5,005    0/20       24,073     75,333
  21    -58,966     6,073    0/20       25,703     84,669
  22    -63,804     6,951    0/20       27,722     91,525
  23    -69,614     8,168    0/20       29,345     98,959
  24    -78,214    10,136    0/20       29,849    108,063
  25    -82,090    11,970    0/20       31,664    113,754
  26    -85,469    13,128    0/20       32,072    117,541
  27    -93,611    14,536    0/20       33,369    126,979
  28    -98,522    15,466    0/20       34,224    132,746
  29   -113,039    17,645    0/20       28,921    141,960

final wallet delta (cand - base): -113,039
first day the net-worth deficit is statistically real: day 5
wrote data/day-gap-planv0.json
DAYGAP_DONE
EXIT=0
