pulling thomastschinkel/the-2945-farm-96-vs-the-top-10-public-bots ...
building thomastschinkel/the-2945-farm-96-vs-the-top-10-public-bots ...
pulling seyitkaangunes/kaggriculture-2820-score ...
building seyitkaangunes/kaggriculture-2820-score ...
pulling goodpjw2008/kaggriculture-melon-threshold-squeeze-2749 ...
building goodpjw2008/kaggriculture-melon-threshold-squeeze-2749 ...
pulling ahmedberatozer/kaggriculture-v49-funded-sale-timing-and-worker ...
building ahmedberatozer/kaggriculture-v49-funded-sale-timing-and-worker ...
    build failed: ggriculture-v49-funded-sale-timing-and-worker/submission_competitive_v49.tar.gz
Agent SHA256: 7d5777978465a2dd18b85fbef9d354d3cc9e008c279630e7655e5a517058b960
No competition submission was made.
done

pulling aurax7/kaggriculture-shop-router-reactive-v7 ...
building aurax7/kaggriculture-shop-router-reactive-v7 ...
pulling tetsutani/demand-preserving-turn-sale-timing ...
building tetsutani/demand-preserving-turn-sale-timing ...
pulling guruprasaathas111/game-theoretic-master-discrete-optimization ...
building guruprasaathas111/game-theoretic-master-discrete-optimization ...

6 candidates to duel vs the champion on 30 towns
duelling the-2945-farm-96-vs-the-top-10-public-bots ...
  the-2945-farm-96-vs-the-top-10-public-bots: delta +4,407 t=+6.04 W/L 58/2
duelling kaggriculture-2820-score ...
  kaggriculture-2820-score: delta +778 t=+3.45 W/L 42/18
duelling kaggriculture-melon-threshold-squeeze-2749 ...
  kaggriculture-melon-threshold-squeeze-2749: delta +1,715 t=+8.31 W/L 57/3
duelling kaggriculture-shop-router-reactive-v7 ...
  kaggriculture-shop-router-reactive-v7: delta +142 t=+1.06 W/L 34/26
duelling demand-preserving-turn-sale-timing ...
  demand-preserving-turn-sale-timing: delta +2,468 t=+4.77 W/L 49/11
duelling game-theoretic-master-discrete-optimization ...
  game-theoretic-master-discrete-optimization: delta +1,073 t=+5.02 W/L 43/17

=== summary (delta vs our champion; positive = stronger) ===
  the-2945-farm-96-vs-the-top-10-public-bots                  +4,407 t= +6.04 W/L 58/2  <-- CANDIDATE
  demand-preserving-turn-sale-timing                          +2,468 t= +4.77 W/L 49/11  <-- CANDIDATE
  kaggriculture-melon-threshold-squeeze-2749                  +1,715 t= +8.31 W/L 57/3  <-- CANDIDATE
  game-theoretic-master-discrete-optimization                 +1,073 t= +5.02 W/L 43/17  <-- CANDIDATE
  kaggriculture-2820-score                                      +778 t= +3.45 W/L 42/18  <-- CANDIDATE
  kaggriculture-shop-router-reactive-v7                         +142 t= +1.06 W/L 34/26

wrote data/stronger-check.json
EXIT=0
