generation 0 (incumbent): delta -90,274 t=-19.70 wallet 31,571 err=0
  gen 1 cand  0: delta -105,488 t=-39.93 wallet 39,374 err=0
  gen 1 cand  1: delta -98,532 t=-25.97 wallet 29,678 err=0
multiprocessing.pool.RemoteTraceback: 
"""
Traceback (most recent call last):
  File "/opt/anaconda3/lib/python3.13/multiprocessing/pool.py", line 125, in worker
    result = (True, func(*args, **kwds))
                    ~~~~^^^^^^^^^^^^^^^
  File "/opt/anaconda3/lib/python3.13/multiprocessing/pool.py", line 48, in mapstar
    return list(map(*args))
  File "/Users/nickyl/Developer/Sandbox/kaggle/kg-rl/scripts/joint_search.py", line 99, in _eval_job
    idx, vec, seeds, opp = arg
    ^^^^^^^^^^^^^^^^^^^^
ValueError: not enough values to unpack (expected 4, got 3)
"""

The above exception was the direct cause of the following exception:

Traceback (most recent call last):
  File "/Users/nickyl/Developer/Sandbox/kaggle/kg-rl/scripts/joint_search.py", line 190, in <module>
    print(f"generation 0 (incumbent): delta {best_fit:+,.0f} t={best_t:+.2f} wallet {best_w:,.0f} err={errs}",
    ^^^^^^
  File "/Users/nickyl/Developer/Sandbox/kaggle/kg-rl/scripts/joint_search.py", line 171, in main
  File "/Users/nickyl/Developer/Sandbox/kaggle/kg-rl/scripts/joint_search.py", line 126, in fitness
    return idx, out
              ^^^^^
  File "/opt/anaconda3/lib/python3.13/multiprocessing/pool.py", line 367, in map
    return self._map_async(func, iterable, mapstar, chunksize).get()
           ~~~~~~~~~~~~~~~~~~~~~~~~~~~~~~~~~~~~~~~~~~~~~~~~~~~~~~~^^
  File "/opt/anaconda3/lib/python3.13/multiprocessing/pool.py", line 774, in get
    raise self._value
ValueError: not enough values to unpack (expected 4, got 3)
EXIT=1
