auth retry 1: ConnectionError
page 0: +200 (total 200)
page 1: +200 (total 400)
page 2: +200 (total 600)
page 3: +200 (total 800)
page 4: +200 (total 1000)
page 5: +200 (total 1200)
page 6: +200 (total 1400)
page 7: +200 (total 1600)
page 8: +200 (total 1800)
page 9: +200 (total 2000)
page 10: +200 (total 2200)
page 11: +200 (total 2400)
page 12: +200 (total 2600)
page 13: +200 (total 2800)
page 14: +200 (total 3000)
page 15: +200 (total 3200)
page 16: +200 (total 3400)
page 17: +200 (total 3600)
page 18: +200 (total 3800)
page 19: +200 (total 4000)
page 20: +200 (total 4200)
page 21: +200 (total 4400)
page 22: +200 (total 4600)
page 23: +200 (total 4800)
page 24: +200 (total 5000)
page 25: +200 (total 5200)
page 26: +200 (total 5400)
page 27: +200 (total 5600)
page 28: +200 (total 5800)
page 29: +200 (total 6000)
page 30: +200 (total 6200)
page 31: +200 (total 6400)
page 32: +200 (total 6600)
page 33: +200 (total 6800)
page 34: +200 (total 7000)
page 35: +200 (total 7200)
page 36: +200 (total 7400)
page 37: +200 (total 7600)
page 38: +200 (total 7800)
page 39: +200 (total 8000)
page 40: +200 (total 8200)
page 41: +200 (total 8400)
page 42: +200 (total 8600)
page 43: +200 (total 8800)
page 44: +200 (total 9000)
page 45: +200 (total 9200)
page 46: +73 (total 9273)
total teams: 9273
56264115  2026-09-15 23:33:30.310000  SubmissionStatus.COMPLETE  public=None  private=None  V42 + room_guard + clamp_sells: enabling two existing guard layers. Va
56258384  2026-09-15 15:57:02.407000  SubmissionStatus.COMPLETE  public=None  private=None  restore V42 baseline (best known ladder line, 2681.9): router experime
56257646  2026-09-15 15:18:54.873000  SubmissionStatus.COMPLETE  public=None  private=None  router3: drain-aware route choice, in-source _router replacement (no m
56257370  2026-09-15 15:06:23.197000  SubmissionStatus.ERROR  public=None  private=None  router2: drain-aware route choice (shops' drain capacity vs tape anima
56239736  2026-09-14 22:20:51.277000  SubmissionStatus.COMPLETE  public=None  private=None  aurax7-v5 (EXP257/V39 line, alternate lineage; replaces clamp arm)
56233887  2026-09-14 15:08:41.600000  SubmissionStatus.COMPLETE  public=None  private=None  V42 baseline (author REVIEW candidate, 41-route gen)
