91 games with a valid reproduction gate: 14 losses, 63 close wins (<2000), 14 big wins

--- ALL 91: n=91, mean margin +3,665 ---
item             u_me     u_op      du     p_me     p_op      dp     dRev   dSpend      net   volEff    pxEff
WHEAT           449.0    585.0  -136.1    38.77    38.64   +0.12    -5437    -5307     -130    -5298     -139
CARROT          140.7    126.0   +14.7    46.55    44.91   +1.64     +848      +98     +750     +761      +87
TOMATO           12.3     13.8    -1.5    33.55    32.84   +0.71      +25      -15      +40      +13      +13
STRAWBERRY      247.5    247.2    +0.3   118.47   117.75   +0.72     +182      -23     +205      -79     +262
MELON            72.0     73.3    -1.3   200.77   194.89   +5.88     +244      -22     +266     -241     +485
EGG              69.7     72.5    -2.8    30.40    30.08   +0.32      -88       +0      -88      -36      -53
MILK            204.3    199.3    +5.0   100.74    98.55   +2.18    +1261       +0    +1261     +823     +438
WOOL            166.1    162.4    +3.7   108.38   108.53   -0.15     +893       +0     +893     +895       -1
FERTILIZER      333.6    326.7    +6.9    45.22    45.35   -0.13     +349      -62     +411     +387      -38
GOOSE             0.0      0.0    +0.0     0.00     0.00   +0.00       +0      -36      +36       +0       +0
COW               0.0      0.0    +0.0     0.00     0.00   +0.00       +0      +40      -40       +0       +0
SHEEP             0.0      0.0    +0.0     0.00     0.00   +0.00       +0      +88      -88       +0       +0
hire+land                                                                                +148
TOTAL                                                                 -1722    -5239    +3665    -2776    +1054
closure residual (must be 0): +0.0000

--- LOSSES: n=14, mean margin -2,657 ---
item             u_me     u_op      du     p_me     p_op      dp     dRev   dSpend      net   volEff    pxEff
WHEAT           897.4    895.6    +1.7    39.14    39.24   -0.10     +412    +1779    -1367     +507      -95
CARROT          153.6    155.7    -2.1    47.63    48.50   -0.87     -180      +21     -201      -19     -160
TOMATO           11.4     15.1    -3.7    30.24    36.64   -6.39     -330      -29     -302     -168     -162
STRAWBERRY      245.9    237.6    +8.2   101.65   105.01   -3.35      +26     +143     -116     +607     -580
MELON            72.0     73.2    -1.2   200.02   195.37   +4.65     +121      -17     +138     -237     +357
EGG              64.9     93.6   -28.7    26.49    33.53   -7.04    -1368       +0    -1368     -683     -686
MILK            176.0    171.6    +4.4    90.51    90.26   +0.24     +325       +0     +325     +295      +30
WOOL            209.5    200.9    +8.6   117.57   121.70   -4.12     +567       +0     +567    +1791    -1223
FERTILIZER      336.9    326.3   +10.6    43.18    45.49   -2.31     -217     -229      +12     +473     -690
GOOSE             0.0      0.0    +0.0     0.00     0.00   +0.00       +0     -279     +279       +0       +0
COW               0.0      0.0    +0.0     0.00     0.00   +0.00       +0      +57      -57       +0       +0
SHEEP             0.0      0.0    +0.0     0.00     0.00   +0.00       +0     +179     -179       +0       +0
hire+land                                                                                -388
TOTAL                                                                  -643    +1626    -2657    +2566    -3209
closure residual (must be 0): +0.0000

--- CLOSE WINS: n=63, mean margin +713 ---
item             u_me     u_op      du     p_me     p_op      dp     dRev   dSpend      net   volEff    pxEff
WHEAT           373.8    485.4  -111.6    38.42    38.31   +0.11    -4607    -4309     -298    -4531      -76
CARROT          140.0    132.3    +7.7    45.92    46.01   -0.09     +409      +52     +358     +429      -20
TOMATO           11.4     12.7    -1.3    33.53    35.25   -1.73     -138       -8     -130      -68      -70
STRAWBERRY      247.7    247.2    +0.5   127.95   127.18   +0.77     +250       +0     +250      +60     +190
MELON            72.0     72.0    +0.0   198.14   198.16   -0.02       -1       +0       -1       +0       -1
EGG              76.3     75.9    +0.4    33.02    33.03   -0.01      +18       +0      +18      +20       -2
MILK            208.0    208.3    -0.3   101.53   100.37   +1.16     +223       +0     +223      -20     +243
WOOL            154.6    154.2    +0.3   101.13   100.62   +0.50     +149       +0     +149      +43     +106
FERTILIZER      333.2    338.5    -5.3    44.93    44.77   +0.16     -180     -204      +25     -236      +57
COW               0.0      0.0    +0.0     0.00     0.00   +0.00       +0       -6       +6       +0       +0
SHEEP             0.0      0.0    +0.0     0.00     0.00   +0.00       +0       +8       -8       +0       +0
hire+land                                                                                +122
TOTAL                                                                 -3877    -4468     +713    -4303     +426
closure residual (must be 0): +0.0000

=== per-game channel table, the 14 losses ===
       eid    margin    wheat      egg    straw     wool     milk   tomato   carrot     fert    melon  animBuy    other  resid oppScore
 114843483   -12,206  +13,075   -8,307   -2,461  -11,378   +1,273   -4,308     +180   -3,552   +1,078   +2,100      +94     +0     2333
 114736078    -8,844  -15,266  -10,899   +1,961  +26,136   +2,717       +0   -4,420   -1,749   +1,546   -1,500   -7,370     +0      996
 114798430    -4,101      -22       +0      +45   -5,594     +205       +0       +7   +1,258       +0       +0       -0     +0     1916
 114808081    -3,305   -3,767       +4     -199      +43      -42       +0     +393     +321     -346       +0     +288     +0     2413
 114816105    -2,860   -3,793       +0     +292     -630     -192       +0     -189   +1,244     -346       +0     +754     +0     2449
 114767278    -2,552   -2,839      -99       +2      -25     +435       +0      -39      +13       +0       +0       -0     +0     1871
 114740561    -1,038   -2,230       +0      +29   -1,252      -43       +0   +2,386      +72       +0       +0       -0     +0     1689
 114742038      -712      +10      -13     -280     +304     -921      +83       +0     +105       +0       +0       -0     +0     1635
 114789468      -599   -3,079     +141     +110      +23       +5       +0   -1,335   +2,583       +0       +0     +953     +0     2576
 114796806      -461      -60      +24   -1,094       +8     +503       +0      +22     +136       +0       +0       -0     +0     2110
 114764713      -227     -522       +0      -32      +52     +340       +0     +370     -291       +0       +0     -144     +0     2260
 114761205      -160      -20       +0      +49     +237     +102       +0     -551      +23       +0       +0       -0     +0     1947
 114811274      -107     -491       -5       +0      -29     +151       +0     +251      +16       +0       +0       -0     +0     2232
 114799831       -22     -130       -1      -51      +48      +16       +0     +109      -13       +0       +0       -0     +0     2232

=== production (units, mean per game), me / opp (delta) ===

--- loss n=14 ---
item                 harvest_units              fed_units                 placed           unit_discard              fert_used
CARROT         155.3/   156.4( -1.1)      0.0/     0.0( +0.0)      0.0/     0.0( +0.0)      0.0/     0.0( +0.0)      0.0/     0.0( +0.0)
COW              0.0/     0.0( +0.0)      0.0/     0.0( +0.0)      6.6/     6.4( +0.1)      0.0/     0.0( +0.0)      0.0/     0.0( +0.0)
EGG             65.3/    94.1(-28.8)      0.0/     0.0( +0.0)      0.0/     0.0( +0.0)      0.0/     0.0( +0.0)      0.0/     0.0( +0.0)
FERTILIZER       0.0/     0.0( +0.0)      0.0/     0.0( +0.0)      0.0/     0.0( +0.0)      0.0/     0.0( +0.0)    111.9/   129.7(-17.9)
GOOSE            0.0/     0.0( +0.0)      0.0/     0.0( +0.0)      2.0/     2.9( -0.9)      0.0/     0.0( +0.0)      0.0/     0.0( +0.0)
MELON           72.0/    73.2( -1.2)      0.0/     0.0( +0.0)      0.0/     0.0( +0.0)      0.0/     0.0( +0.0)      0.0/     0.0( +0.0)
MILK           176.0/   172.0( +4.0)      0.0/     0.0( +0.0)      0.0/     0.0( +0.0)      0.0/     0.0( +0.0)      0.0/     0.0( +0.0)
SHEEP            0.0/     0.0( +0.0)      0.0/     0.0( +0.0)      9.7/     9.3( +0.4)      0.0/     0.0( +0.0)      0.0/     0.0( +0.0)
STRAWBERRY     247.4/   238.4( +8.9)      0.0/     0.0( +0.0)      0.0/     0.0( +0.0)      0.0/     0.0( +0.0)      0.0/     0.0( +0.0)
TOMATO          11.4/    15.2( -3.8)      0.0/     0.0( +0.0)      0.0/     0.0( +0.0)      0.0/     0.0( +0.0)      0.0/     0.0( +0.0)
WHEAT          526.3/   563.4(-37.1)    346.2/   350.6( -4.4)      0.0/     0.0( +0.0)      0.0/     0.0( +0.0)      0.0/     0.0( +0.0)
WOOL           211.1/   201.7( +9.4)      0.0/     0.0( +0.0)      0.0/     0.0( +0.0)      0.0/     0.0( +0.0)      0.0/     0.0( +0.0)
verbs me-opp: BUILD_COOP -1, BUILD_PASTURE +1, CARE -4, COLLECT_FERTILIZER -2, DIG +2, DROP -4, FEED -3, FERTILIZE -18, HARVEST +2, MOVE -54, PASS +57, PICKUP +0, PLACE +2, PLANT -3, WATER +3
  market_orders      me    854.1 opp    907.0
  sell_steps         me    228.1 opp    247.0
  multi_sell_steps   me     42.4 opp     50.4
  wool_sell_steps    me     37.6 opp     41.6

--- closewin n=63 ---
item                 harvest_units              fed_units                 placed           unit_discard              fert_used
CARROT         140.2/   132.5( +7.7)      0.0/     0.0( +0.0)      0.0/     0.0( +0.0)      0.0/     0.0( +0.0)      0.0/     0.0( +0.0)
COW              0.0/     0.0( +0.0)      0.0/     0.0( +0.0)      7.6/     7.6( -0.0)      0.0/     0.0( +0.0)      0.0/     0.0( +0.0)
EGG             76.8/    76.5( +0.4)      0.0/     0.0( +0.0)      0.0/     0.0( +0.0)      0.0/     0.0( +0.0)      0.0/     0.0( +0.0)
FERTILIZER       0.0/     0.0( +0.0)      0.0/     0.0( +0.0)      0.0/     0.0( +0.0)      0.0/     0.0( +0.0)    116.3/   116.9( -0.5)
GOOSE            0.0/     0.0( +0.0)      0.0/     0.0( +0.0)      2.4/     2.4( +0.0)      0.0/     0.0( +0.0)      0.0/     0.0( +0.0)
MELON           72.0/    72.0( +0.0)      0.0/     0.0( +0.0)      0.0/     0.0( +0.0)      0.0/     0.0( +0.0)      0.0/     0.0( +0.0)
MILK           208.1/   208.4( -0.3)      0.0/     0.0( +0.0)      0.0/     0.0( +0.0)      0.0/     0.0( +0.0)      0.0/     0.0( +0.0)
SHEEP            0.0/     0.0( +0.0)      0.0/     0.0( +0.0)      7.2/     7.2( +0.0)      0.0/     0.0( +0.0)      0.0/     0.0( +0.0)
STRAWBERRY     248.8/   248.5( +0.3)      0.0/     0.0( +0.0)      0.0/     0.0( +0.0)      0.0/     0.0( +0.0)      0.0/     0.0( +0.0)
TOMATO          11.4/    12.7( -1.3)      0.0/     0.0( +0.0)      0.0/     0.0( +0.0)      0.0/     0.0( +0.0)      0.0/     0.0( +0.0)
WHEAT          549.5/   557.9( -8.3)    330.3/   329.7( +0.6)      0.0/     0.0( +0.0)      0.0/     0.0( +0.0)      0.0/     0.0( +0.0)
WOOL           155.6/   155.1( +0.5)      0.0/     0.0( +0.0)      0.0/     0.0( +0.0)      0.0/     0.0( +0.0)      0.0/     0.0( +0.0)
verbs me-opp: BUILD_COOP +0, BUILD_PASTURE -0, CARE -8, COLLECT_FERTILIZER +4, DIG +0, DROP +1, FEED +0, FERTILIZE -1, HARVEST +1, MOVE -3, PASS +1, PICKUP -0, PLACE -1, PLANT +0, WATER -2
  market_orders      me    843.9 opp   1018.2
  sell_steps         me    230.6 opp    245.6
  multi_sell_steps   me     41.7 opp     49.2
  wool_sell_steps    me     34.1 opp     37.4

--- bigwin n=14 ---
item                 harvest_units              fed_units                 placed           unit_discard              fert_used
CARROT         130.9/    67.9(+63.1)      0.0/     0.0( +0.0)      0.0/     0.0( +0.0)      0.0/     0.0( +0.0)      0.0/     0.0( +0.0)
COW              0.0/     0.0( +0.0)      0.0/     0.0( +0.0)      7.9/     7.2( +0.6)      0.0/     0.0( +0.0)      0.0/     0.0( +0.0)
EGG             44.9/    35.9( +9.0)      0.0/     0.0( +0.0)      0.0/     0.0( +0.0)      0.0/     0.0( +0.0)      0.0/     0.0( +0.0)
FERTILIZER       0.0/     0.0( +0.0)      0.0/     0.0( +0.0)      0.0/     0.0( +0.0)      0.0/     0.0( +0.0)    107.9/   106.0( +1.9)
GOOSE            0.0/     0.0( +0.0)      0.0/     0.0( +0.0)      1.4/     1.2( +0.2)      0.0/     0.0( +0.0)      0.0/     0.0( +0.0)
MELON           72.0/    79.2( -7.2)      0.0/     0.0( +0.0)      0.0/     0.0( +0.0)      0.0/     0.0( +0.0)      0.0/     0.0( +0.0)
MILK           216.0/   187.3(+28.7)      0.0/     0.0( +0.0)      0.0/     0.0( +0.0)      0.0/     0.0( +0.0)      0.0/     0.0( +0.0)
SHEEP            0.0/     0.0( +0.0)      0.0/     0.0( +0.0)      7.7/     7.0( +0.7)      0.0/     0.0( +0.0)      0.0/     0.0( +0.0)
STRAWBERRY     248.9/   258.6( -9.7)      0.0/     0.0( +0.0)      0.0/     0.0( +0.0)      0.0/     0.0( +0.0)      0.0/     0.0( +0.0)
TOMATO          17.1/    17.7( -0.6)      0.0/     0.0( +0.0)      0.0/     0.0( +0.0)      0.0/     0.0( +0.0)      0.0/     0.0( +0.0)
WHEAT          542.7/   475.1(+67.6)    333.2/   302.9(+30.3)      0.0/     0.0( +0.0)      0.0/     0.0( +0.0)      0.0/     0.0( +0.0)
WOOL           176.1/   160.9(+15.3)      0.0/     0.0( +0.0)      0.0/     0.0( +0.0)      0.0/     0.0( +0.0)      0.0/     0.0( +0.0)
verbs me-opp: BUILD_COOP +1, BUILD_PASTURE +2, CARE +3, COLLECT_FERTILIZER +46, DIG +1, DROP -17, FEED +21, FERTILIZE +1, HARVEST +55, MOVE -397, PASS -50, PICKUP +5, PLACE +36, PLANT +32, WATER +67
  market_orders      me    832.1 opp    850.9
  sell_steps         me    227.3 opp    215.2
  multi_sell_steps   me     40.6 opp     65.1
  wool_sell_steps    me     34.4 opp     42.6

=== opponent strength vs outcome ===
loss      n= 14  opp score mean    2047 median    2171  range 996-2576
closewin  n= 63  opp score mean    1964 median    2008  range 1460-2329
bigwin    n= 14  opp score mean    1236 median    1075  range 634-2182

=== day-gap curves (mean me-opp liquid net worth) ===
 day         loss     closewin       bigwin
   0          +14           +0          -76
   1          +27           +0          -53
   2          +20           -1         -131
   3          +34           +7          +48
   4          +94           +9         +205
   5          +51           +9         +471
   6          +16          -11         -187
   7          -21           -9         -198
   8          +11           +5         +223
   9         +292          +21         +273
  10         +942           +5       +6,506
  11         +128           +4       +5,697
  12       -1,135          +96       +5,922
  13       -1,742          +92       +6,229
  14       -1,767          +62       +7,760
  15       -2,383          +83       +8,999
  16       -2,323          +92      +10,872
  17       -2,274          +84      +11,975
  18       -2,030         +232      +12,019
  19       -2,267         +190      +13,349
  20       -2,220         +221      +12,703
  21       -1,985         +260      +12,834
  22       -1,765         +294      +14,390
  23       -1,543         +306      +15,539
  24       -2,352         +382      +16,206
  25       -2,467         +400      +16,963
  26       -2,574         +516      +17,539
  27       -2,790         +562      +19,241
  28       -2,865         +852      +21,412
  29       -2,658         +706      +23,201

=== margin distribution (all 91) ===
  |margin| <=     0:   0 games
  |margin| <=   100:   5 games
  |margin| <=   250:  12 games
  |margin| <=   500:  29 games
  |margin| <=  1000:  54 games
  |margin| <=  2000:  71 games
  |margin| <=  5000:  77 games
  mean +3,665 median +587 sum +333,531
  losses converted by a uniform +250:  4; +500: 5; +1100: 8

=== counterfactual: our units at the opponent's realised price ===
  loss      all items -2,844/game ; wool+straw+milk -1,645/game
  closewin  all items +569/game ; wool+straw+milk +509/game

wrote data/pi-analysis-56642424.json
