[21 configs x 12 seeds in 76s]
config                reward  cover  idle%  move% plants10 anim10 plants15  water   harv err
claim_slack=5         24,230   0.86    5.2   51.9     38.9    3.0     27.6    653    137   0
age_div=4             20,295   0.85    4.7   55.3     16.0    3.0     33.3    517     92   0
animal_scale=1.3      19,443   0.85    9.8   57.2     16.0    3.0     20.3    441     48   0
hire_mult=2.6         19,179   0.96    8.1   58.1     17.0    2.0     30.8    543     90   0
age_div=16            16,114   0.91    4.9   60.1     15.0    4.0     15.9    404     53   0
hire_mult=1.4         16,019   0.89    7.5   56.4     17.0    2.0     28.4    481     59   0
feed_days=2           15,916   0.88    7.3   56.3     17.0    2.0     28.4    489     58   0
sell_batch=4          15,879   0.88    7.3   56.3     17.0    2.0     28.4    489     58   0
baseline              15,879   0.88    7.3   56.3     17.0    2.0     28.4    489     58   0
pen_ahead=0           15,879   0.88    7.3   56.3     17.0    2.0     28.4    489     58   0
pen_ahead=3           15,879   0.88    7.3   56.3     17.0    2.0     28.4    489     58   0
land_first_day=5      15,879   0.88    7.3   56.3     17.0    2.0     28.4    489     58   0
land_first_day=8      15,879   0.88    7.3   56.3     17.0    2.0     28.4    489     58   0
hire_cap=9            15,879   0.88    7.3   56.3     17.0    2.0     28.4    489     58   0
hire_cap=14           15,879   0.88    7.3   56.3     17.0    2.0     28.4    489     58   0
animal_scale=0.8      15,870   0.81    5.3   59.9     27.8    3.0     16.7    477     52   0
sell_batch=16         15,832   0.88    7.3   56.3     17.0    2.0     28.4    489     58   0
feed_days=5           15,538   0.88    7.3   56.2     17.0    2.1     28.7    487     56   0
plant_scale=1.2       14,724   0.83    5.7   57.9     15.0    5.0     23.6    418     41   0
plant_scale=0.85      14,479   0.86    7.3   57.7     16.0    3.0     27.9    448     46   0
claim_slack=0         11,849   0.71    2.8   62.7     14.9    2.1     23.8    403     34   0
wrote data/plan-sweep-1.json
EXIT=0
