[19 configs x 24 seeds in 159s]
config                reward  cover  idle%  move% plants10 anim10 plants15  water   harv err
slack8_age4_hire2.6    31,829   0.93    9.3   48.2     15.0    3.0     37.1    861    174   0
slack8_age4_anim1.3    31,777   0.87   12.9   44.2     17.0    3.0     23.2    668    125   0
slack8_age4           31,027   0.91    8.3   48.9     15.0    3.0     34.0    745    157   0
slack8_age2           30,994   0.91    8.3   49.1     15.0    3.0     34.0    744    155   0
slack8_age4_plant1.2    30,724   0.90    7.6   49.8     15.0    3.0     29.8    727    156   0
slack5_age4_hire2.6    30,721   0.91    5.6   53.8     36.9    3.0     26.5    843    188   0
slack12               30,652   0.91    8.4   48.5     15.0    3.0     34.0    724    151   0
slack12_age2          30,652   0.91    8.4   48.5     15.0    3.0     34.0    724    151   0
slack12_age4          30,652   0.91    8.4   48.5     15.0    3.0     34.0    724    151   0
slack8                30,606   0.91    8.3   48.8     15.0    3.0     34.0    736    152   0
slack5_age4_hire3.4    29,355   0.95   10.6   53.0     39.3    3.0     27.7    942    219   0
slack5_age2           27,203   0.87    8.3   50.4     27.1    3.0     26.7    688    146   0
slack5_age4           25,941   0.85    5.0   51.0     36.0    3.0     26.8    695    148   0
slack8_age4_feed2     25,588   0.86    6.2   49.3     27.2    3.0     25.1    726    143   0
slack8_age4_hire3.4    25,422   0.87   11.9   42.9     40.7    3.0     43.1    931    184   0
slack5                24,524   0.86    5.2   52.1     38.9    3.0     29.1    656    138   0
slack8_age4_sell16    22,011   0.82    4.7   50.0     35.9    3.0     18.5    717    135   0
baseline              15,696   0.89    7.2   56.5     17.0    2.0     28.5    493     59   0
slack8_age4_fert6          0   0.00   56.5   17.6      0.0    0.0      0.0     15      0   0
wrote data/plan-sweep-2.json
EXIT=0
