total listed: 100 (newest first)
  None  goodpjw2008/kaggriculture-melon-threshold-squeeze-2749
  None  thomastschinkel/the-2945-farm-96-vs-the-top-10-public-bots
  None  ahmedberatozer/kaggriculture-v49-funded-sale-timing-and-worker
  None  tetsutani/demand-preserving-turn-sale-timing
  None  guruprasaathas111/game-theoretic-master-discrete-optimization
  None  ghazarosbarseghyan91/kaggriculture-k0013-v46-advance6
  None  alperen5252525/kaggriculture-first-in-line-stock-into-income
  None  sunil123kumar/kaggriculture-v8
  None  yeshawang/kaggriculture-agent-evolution-public-notebook
  None  ahmedberatozer/kaggriculture-v48-clear-the-queue
  None  anhadmahajan06/kaggriculture-autonomous-ai-farming-agent
  None  ahmedberatozer/kaggriculture-v47-reactive-market-coordination
  None  alperen5252525/kaggriculture-ready-stock-earlier-sales
  None  aurax7/kaggriculture-shop-router-reactive-v7
  None  haideptry/v46-vs-pipe-8-vs-jaxa-turn-1-microstructure-war
  None  xuanzhang001/kaggriculture-auto-top1
  None  ahmedberatozer/kaggriculture-v46-first-turn-microstructure-and-s
  None  aasim2003/notebookb3a3ef21c3
  None  seyitkaangunes/kaggriculture-2820-score
  None  nathanjacob/kaggriculture-pipe-8-clean-opening
  None  sunil123kumar/kaggriculture-wheat-microstructure
  None  uninhibitedscholar/kaggriculture-beyond-48-order-sequencing
  None  uninhibitedscholar/kaggriculture-pipe-7-market-microstructure
  None  jaxa623/2802-two-identical-agents-90-points-apart
  None  xuanzhang001/kaggriculture-pipe7-public-top1
  None  xuantianfengwu/kaggriculture-capacity-release
  None  ayodejiibrahimlateef/kaggriculture-cloning-v45-open-78-experiment
  None  nathanjacob/kaggriculture-pipe-7-wheat-microstructure
  None  jaxa623/2780-beyond-48-0-128-128-worlds-with-95-cis
  None  xuantianfengwu/kaggriculture-day-3-cow-challenger
  None  haideptry/kaggriculture-structured-dynamic-route-baseline
  None  haideptry/kaggriculture-interactive-p-l-analyzer-arena
  None  aurax7/kaggriculture-shop-router-reactive-v6
  None  ahmedberatozer/kaggriculture-v45-first-turn-wheat-round-trip
  None  degnonguidi/kaggriculture-cloning-agent
  None  ahmedberatozer/kaggriculture-v44-winning-the-same-turn-sale-race
  None  alperen5252525/turn-one-market-advantage-kaggriculture
  None  hesoponyo/pure-rl-agent-bc-ppo-self-play
  None  nathanjacob/beyond-v43-what-the-top-clusters-do-on-turn-1
  None  kenanzhang9/notebook6cc8bf1c92
