  A_v42baseline: 18 games  W/L/T 16/2/0  win 88.9%  margin +28,357 (median +22,394)  opp mean score 1466
    wrote /Users/nickyl/Developer/Sandbox/kaggle/kg-rl/data/track-A_v42baseline.csv
  retry 0: ConnectionError
  B_rgcs: 17 games  W/L/T 16/1/0  win 94.1%  margin +23,757 (median +15,682)  opp mean score 1470
    wrote /Users/nickyl/Developer/Sandbox/kaggle/kg-rl/data/track-B_rgcs.csv
snapshot stored in /Users/nickyl/Developer/Sandbox/kaggle/kg-rl/data/submission_track.json
Traceback (most recent call last):
  File "/Users/nickyl/Developer/Sandbox/kaggle/kg-rl/.venv/lib/python3.13/site-packages/urllib3/connectionpool.py", line 788, in urlopen
    response = self._make_request(
        conn,
    ...<10 lines>...
        **response_kw,
    )
  File "/Users/nickyl/Developer/Sandbox/kaggle/kg-rl/.venv/lib/python3.13/site-packages/urllib3/connectionpool.py", line 488, in _make_request
    raise new_e
  File "/Users/nickyl/Developer/Sandbox/kaggle/kg-rl/.venv/lib/python3.13/site-packages/urllib3/connectionpool.py", line 464, in _make_request
    self._validate_conn(conn)
    ~~~~~~~~~~~~~~~~~~~^^^^^^
  File "/Users/nickyl/Developer/Sandbox/kaggle/kg-rl/.venv/lib/python3.13/site-packages/urllib3/connectionpool.py", line 1106, in _validate_conn
    conn.connect()
    ~~~~~~~~~~~~^^
  File "/Users/nickyl/Developer/Sandbox/kaggle/kg-rl/.venv/lib/python3.13/site-packages/urllib3/connection.py", line 796, in connect
    sock_and_verified = _ssl_wrap_socket_and_match_hostname(
        sock=sock,
    ...<14 lines>...
        assert_fingerprint=self.assert_fingerprint,
    )
  File "/Users/nickyl/Developer/Sandbox/kaggle/kg-rl/.venv/lib/python3.13/site-packages/urllib3/connection.py", line 975, in _ssl_wrap_socket_and_match_hostname
    ssl_sock = ssl_wrap_socket(
        sock=sock,
    ...<8 lines>...
        tls_in_tls=tls_in_tls,
    )
  File "/Users/nickyl/Developer/Sandbox/kaggle/kg-rl/.venv/lib/python3.13/site-packages/urllib3/util/ssl_.py", line 433, in ssl_wrap_socket
    ssl_sock = _ssl_wrap_socket_impl(sock, context, tls_in_tls, server_hostname)
  File "/Users/nickyl/Developer/Sandbox/kaggle/kg-rl/.venv/lib/python3.13/site-packages/urllib3/util/ssl_.py", line 477, in _ssl_wrap_socket_impl
    return ssl_context.wrap_socket(sock, server_hostname=server_hostname)
           ~~~~~~~~~~~~~~~~~~~~~~~^^^^^^^^^^^^^^^^^^^^^^^^^^^^^^^^^^^^^^^
  File "/opt/anaconda3/lib/python3.13/ssl.py", line 455, in wrap_socket
    return self.sslsocket_class._create(
           ~~~~~~~~~~~~~~~~~~~~~~~~~~~~^
        sock=sock,
        ^^^^^^^^^^
    ...<5 lines>...
        session=session
        ^^^^^^^^^^^^^^^
    )
    ^
  File "/opt/anaconda3/lib/python3.13/ssl.py", line 1076, in _create
    self.do_handshake()
    ~~~~~~~~~~~~~~~~~^^
  File "/opt/anaconda3/lib/python3.13/ssl.py", line 1372, in do_handshake
    self._sslobj.do_handshake()
    ~~~~~~~~~~~~~~~~~~~~~~~~~^^
ConnectionResetError: [Errno 54] Connection reset by peer

During handling of the above exception, another exception occurred:

Traceback (most recent call last):
  File "/Users/nickyl/Developer/Sandbox/kaggle/kg-rl/.venv/lib/python3.13/site-packages/requests/adapters.py", line 696, in send
    resp = conn.urlopen(
        method=request.method,
    ...<9 lines>...
        chunked=chunked,
    )
  File "/Users/nickyl/Developer/Sandbox/kaggle/kg-rl/.venv/lib/python3.13/site-packages/urllib3/connectionpool.py", line 842, in urlopen
    retries = retries.increment(
        method, url, error=new_e, _pool=self, _stacktrace=sys.exc_info()[2]
    )
  File "/Users/nickyl/Developer/Sandbox/kaggle/kg-rl/.venv/lib/python3.13/site-packages/urllib3/util/retry.py", line 498, in increment
    raise reraise(type(error), error, _stacktrace)
          ~~~~~~~^^^^^^^^^^^^^^^^^^^^^^^^^^^^^^^^^
  File "/Users/nickyl/Developer/Sandbox/kaggle/kg-rl/.venv/lib/python3.13/site-packages/urllib3/util/util.py", line 38, in reraise
    raise value.with_traceback(tb)
  File "/Users/nickyl/Developer/Sandbox/kaggle/kg-rl/.venv/lib/python3.13/site-packages/urllib3/connectionpool.py", line 788, in urlopen
    response = self._make_request(
        conn,
    ...<10 lines>...
        **response_kw,
    )
  File "/Users/nickyl/Developer/Sandbox/kaggle/kg-rl/.venv/lib/python3.13/site-packages/urllib3/connectionpool.py", line 488, in _make_request
    raise new_e
  File "/Users/nickyl/Developer/Sandbox/kaggle/kg-rl/.venv/lib/python3.13/site-packages/urllib3/connectionpool.py", line 464, in _make_request
    self._validate_conn(conn)
    ~~~~~~~~~~~~~~~~~~~^^^^^^
  File "/Users/nickyl/Developer/Sandbox/kaggle/kg-rl/.venv/lib/python3.13/site-packages/urllib3/connectionpool.py", line 1106, in _validate_conn
    conn.connect()
    ~~~~~~~~~~~~^^
  File "/Users/nickyl/Developer/Sandbox/kaggle/kg-rl/.venv/lib/python3.13/site-packages/urllib3/connection.py", line 796, in connect
    sock_and_verified = _ssl_wrap_socket_and_match_hostname(
        sock=sock,
    ...<14 lines>...
        assert_fingerprint=self.assert_fingerprint,
    )
  File "/Users/nickyl/Developer/Sandbox/kaggle/kg-rl/.venv/lib/python3.13/site-packages/urllib3/connection.py", line 975, in _ssl_wrap_socket_and_match_hostname
    ssl_sock = ssl_wrap_socket(
        sock=sock,
    ...<8 lines>...
        tls_in_tls=tls_in_tls,
    )
  File "/Users/nickyl/Developer/Sandbox/kaggle/kg-rl/.venv/lib/python3.13/site-packages/urllib3/util/ssl_.py", line 433, in ssl_wrap_socket
    ssl_sock = _ssl_wrap_socket_impl(sock, context, tls_in_tls, server_hostname)
  File "/Users/nickyl/Developer/Sandbox/kaggle/kg-rl/.venv/lib/python3.13/site-packages/urllib3/util/ssl_.py", line 477, in _ssl_wrap_socket_impl
    return ssl_context.wrap_socket(sock, server_hostname=server_hostname)
           ~~~~~~~~~~~~~~~~~~~~~~~^^^^^^^^^^^^^^^^^^^^^^^^^^^^^^^^^^^^^^^
  File "/opt/anaconda3/lib/python3.13/ssl.py", line 455, in wrap_socket
    return self.sslsocket_class._create(
           ~~~~~~~~~~~~~~~~~~~~~~~~~~~~^
        sock=sock,
        ^^^^^^^^^^
    ...<5 lines>...
        session=session
        ^^^^^^^^^^^^^^^
    )
    ^
  File "/opt/anaconda3/lib/python3.13/ssl.py", line 1076, in _create
    self.do_handshake()
    ~~~~~~~~~~~~~~~~~^^
  File "/opt/anaconda3/lib/python3.13/ssl.py", line 1372, in do_handshake
    self._sslobj.do_handshake()
    ~~~~~~~~~~~~~~~~~~~~~~~~~^^
urllib3.exceptions.ProtocolError: ('Connection aborted.', ConnectionResetError(54, 'Connection reset by peer'))

During handling of the above exception, another exception occurred:

Traceback (most recent call last):
  File "<stdin>", line 6, in <module>
  File "/Users/nickyl/Developer/Sandbox/kaggle/kg-rl/.venv/lib/python3.13/site-packages/kaggle/api/kaggle_api_extended.py", line 2067, in competition_submissions
    response = kaggle.competitions.competition_api_client.list_submissions(request)
  File "/Users/nickyl/Developer/Sandbox/kaggle/kg-rl/.venv/lib/python3.13/site-packages/kagglesdk/competitions/services/competition_api_service.py", line 47, in list_submissions
    return self._client.call("competitions.CompetitionApiService", "ListSubmissions", request, ApiListSubmissionsResponse)
           ~~~~~~~~~~~~~~~~~^^^^^^^^^^^^^^^^^^^^^^^^^^^^^^^^^^^^^^^^^^^^^^^^^^^^^^^^^^^^^^^^^^^^^^^^^^^^^^^^^^^^^^^^^^^^^^
  File "/Users/nickyl/Developer/Sandbox/kaggle/kg-rl/.venv/lib/python3.13/site-packages/kagglesdk/kaggle_http_client.py", line 104, in call
    http_response = self._session.send(http_request, **settings)
  File "/Users/nickyl/Developer/Sandbox/kaggle/kg-rl/.venv/lib/python3.13/site-packages/requests/sessions.py", line 784, in send
    r = adapter.send(request, **kwargs)
  File "/Users/nickyl/Developer/Sandbox/kaggle/kg-rl/.venv/lib/python3.13/site-packages/requests/adapters.py", line 711, in send
    raise ConnectionError(err, request=request)
requests.exceptions.ConnectionError: ('Connection aborted.', ConnectionResetError(54, 'Connection reset by peer'))
page 0: +200 (total 200)
page 1: +200 (total 400)
page 2: +200 (total 600)
page 3: +200 (total 800)
page 4: +200 (total 1000)
page 5: +200 (total 1200)
page 6: +200 (total 1400)
page 7: +200 (total 1600)
page 8: +200 (total 1800)
page 9: +200 (total 2000)
page 10: +200 (total 2200)
page 11: +200 (total 2400)
page 12: +200 (total 2600)
page 13: +200 (total 2800)
page 14: +200 (total 3000)
page 15: +200 (total 3200)
page 16: +200 (total 3400)
page 17: +200 (total 3600)
page 18: +200 (total 3800)
page 19: +200 (total 4000)
page 20: +200 (total 4200)
page 21: +200 (total 4400)
page 22: +200 (total 4600)
page 23: +200 (total 4800)
page 24: +200 (total 5000)
page 25: +200 (total 5200)
page 26: +200 (total 5400)
page 27: +200 (total 5600)
page 28: +200 (total 5800)
page 29: +200 (total 6000)
page 30: +200 (total 6200)
page 31: +200 (total 6400)
page 32: +200 (total 6600)
page 33: +200 (total 6800)
page 34: +200 (total 7000)
page 35: +200 (total 7200)
page 36: +200 (total 7400)
page 37: +200 (total 7600)
page 38: +200 (total 7800)
page 39: +200 (total 8000)
page 40: +200 (total 8200)
page 41: +200 (total 8400)
page 42: +200 (total 8600)
page 43: +200 (total 8800)
page 44: +200 (total 9000)
page 45: +200 (total 9200)
page 46: +153 (total 9353)
total teams: 9353
STANDING nickyl 2146.7 rank 1386/9353
