  A_v42baseline: 19 games  W/L/T 17/2/0  win 89.5%  margin +27,310 (median +22,224)  opp mean score 1503
    wrote /Users/nickyl/Developer/Sandbox/kaggle/kg-rl/data/track-A_v42baseline.csv
  B_rgcs: 18 games  W/L/T 17/1/0  win 94.4%  margin +22,720 (median +15,428)  opp mean score 1522
    wrote /Users/nickyl/Developer/Sandbox/kaggle/kg-rl/data/track-B_rgcs.csv
snapshot stored in /Users/nickyl/Developer/Sandbox/kaggle/kg-rl/data/submission_track.json
status 56307906 COMPLETE 2026-09-17 15:13:55
status 56307879 COMPLETE 2026-09-17 15:13:07
status 56264115 COMPLETE 2026-09-15 23:33:30
quota used today: 2 /5
auth retry 1: ConnectionError
auth retry 2: ConnectionError
page 0: +200 (total 200)
page 1: +200 (total 400)
page 2: +200 (total 600)
page 3: +200 (total 800)
page 4: +200 (total 1000)
page 5: +200 (total 1200)
page 6: +200 (total 1400)
page 7: +200 (total 1600)
page 8: +200 (total 1800)
page 9: +200 (total 2000)
page 10: +200 (total 2200)
page 11: +200 (total 2400)
page 12: +200 (total 2600)
page 13: +200 (total 2800)
page 14: +200 (total 3000)
page 15: +200 (total 3200)
page 16: +200 (total 3400)
page 17: +200 (total 3600)
page 18: +200 (total 3800)
page 19: +200 (total 4000)
page 20: +200 (total 4200)
page 21: +200 (total 4400)
page 22: +200 (total 4600)
page 23: +200 (total 4800)
page 24: +200 (total 5000)
page 25: +200 (total 5200)
page 26: +200 (total 5400)
page 27: +200 (total 5600)
page 28: +200 (total 5800)
page 29: +200 (total 6000)
page 30: +200 (total 6200)
page 31: +200 (total 6400)
page 32: +200 (total 6600)
page 33: +200 (total 6800)
page 34: +200 (total 7000)
page 35: +200 (total 7200)
page 36: +200 (total 7400)
page 37: +200 (total 7600)
page 38: +200 (total 7800)
page 39: +200 (total 8000)
page 40: +200 (total 8200)
page 41: +200 (total 8400)
page 42: +200 (total 8600)
page 43: +200 (total 8800)
page 44: +200 (total 9000)
page 45: +200 (total 9200)
page 46: +153 (total 9353)
total teams: 9353
STANDING nickyl 2146.7 rank 1387/9353
A (V42 baseline): games 19  W-L 17-2  win 89.5%  margin mean +27,310 median +22,224
    opponents: mean 1503 median 1508 min 507 max 2631
B (RG+CS): games 18  W-L 17-1  win 94.4%  margin mean +22,720 median +15,428
    opponents: mean 1522 median 1634 min 651 max 2412

matched opponent band [651,2412]: A n=17 margin +22,358 | B n=18 margin +22,720

opponent-strength gap B-A: +19 ladder points (B is being matched against stronger opponents -> B rates higher)
