  retry 0: ConnectionError
  A_v42baseline: 177 games  W/L/T 82/81/14  win 46.3%  margin +3,340 (median +0)  opp mean score 2166
  retry 0: ConnectionError
  retry 1: ConnectionError
  retry 2: ConnectionError
  B_rgcs: 170 games  W/L/T 85/85/0  win 50.0%  margin +2,005 (median -2)  opp mean score 2248
snapshot stored in /Users/nickyl/Developer/Sandbox/kaggle/kg-rl/data/submission_track.json
  retry 1: ConnectionError
page 0: +200 (total 200)
page 1: +200 (total 400)
page 2: +200 (total 600)
page 3: +200 (total 800)
page 4: +200 (total 1000)
page 5: +200 (total 1200)
page 6: +200 (total 1400)
page 7: +200 (total 1600)
page 8: +200 (total 1800)
page 9: +200 (total 2000)
page 10: +200 (total 2200)
page 11: +200 (total 2400)
page 12: +200 (total 2600)
page 13: +200 (total 2800)
page 14: +200 (total 3000)
page 15: +200 (total 3200)
page 16: +200 (total 3400)
page 17: +200 (total 3600)
page 18: +200 (total 3800)
page 19: +200 (total 4000)
page 20: +200 (total 4200)
page 21: +200 (total 4400)
page 22: +200 (total 4600)
page 23: +200 (total 4800)
page 24: +200 (total 5000)
page 25: +200 (total 5200)
page 26: +200 (total 5400)
page 27: +200 (total 5600)
page 28: +200 (total 5800)
page 29: +200 (total 6000)
page 30: +200 (total 6200)
page 31: +200 (total 6400)
page 32: +200 (total 6600)
page 33: +200 (total 6800)
page 34: +200 (total 7000)
page 35: +200 (total 7200)
page 36: +200 (total 7400)
page 37: +200 (total 7600)
page 38: +200 (total 7800)
page 39: +200 (total 8000)
page 40: +200 (total 8200)
page 41: +200 (total 8400)
page 42: +200 (total 8600)
page 43: +200 (total 8800)
page 44: +200 (total 9000)
page 45: +200 (total 9200)
page 46: +200 (total 9400)
page 47: +35 (total 9435)
total teams: 9435
nickyl 2163.8 rank 1326/9435
  top  1% cutoff: 2837
  top  2% cutoff: 2770
  top  5% cutoff: 2653
  top 10% cutoff: 2392
  top 25% cutoff: 1569
  top 50% cutoff: 780
top5: [('Unknown Mother-Goose', 3180), ('Majkel1337', 3176), ('SpaTaro', 3149), ('DSM', 3097), ('ymg_aq', 3088)]
